T15 D18
T17 D15
T19 D12
D10 S11 D25
D10 S25 D18
D11 S19 D20
D11 S25 D17
D11 S9 D25
D12 S17 D20
D12 S19 D19
D12 S25 D16
D12 S7 D25
D13 S15 D20
D13 S17 D19
D13 S19 D18
D13 S25 D15
D13 S5 D25
D14 S13 D20
D14 S15 D19
D14 S17 D18
D14 S19 D17
D14 S25 D14
D14 S3 D25
D15 S1 D25
D15 S11 D20
D15 S13 D19
D15 S15 D18
D15 S17 D17
D15 S19 D16
D15 S25 D13
D16 S11 D19
D16 S13 D18
D16 S15 D17
D16 S17 D16
D16 S19 D15
D16 S25 D12
D16 S9 D20
D17 S11 D18
D17 S13 D17
D17 S15 D16
D17 S17 D15
D17 S19 D14
D17 S25 D11
D17 S7 D20
D17 S9 D19
D18 S11 D17
D18 S13 D16
D18 S15 D15
D18 S17 D14
D18 S19 D13
D18 S25 D10
D18 S5 D20
D18 S7 D19
D18 S9 D18
D19 S11 D16
D19 S13 D15
D19 S15 D14
D19 S17 D13
D19 S19 D12
D19 S25 D9
D19 S3 D20
D19 S5 D19
D19 S7 D18
D19 S9 D17
D20 S1 D20
D20 S11 D15
D20 S13 D14
D20 S15 D13
D20 S17 D12
D20 S19 D11
D20 S25 D8
D20 S3 D19
D20 S5 D18
D20 S7 D17
D20 S9 D16
D25 S1 D15
D25 S11 D10
D25 S13 D9
D25 S15 D8
D25 S17 D7
D25 S19 D6
D25 S25 D3
D25 S3 D14
D25 S5 D13
D25 S7 D12
D25 S9 D11
D3 S25 D25
D6 S19 D25
D7 S17 D25
D8 S15 D25
D8 S25 D20
D9 S13 D25
D9 S25 D19
S16 S15 D25
S17 S14 D25
S18 S13 D25
S19 S12 D25
S20 S11 D25
S25 S16 D20
S25 S18 D19
S25 S20 D18
S25 S6 D25
T1 D14 D25
T1 D19 D20
T1 D20 D19
T1 D25 D14
T10 S1 D25
T10 S11 D20
T10 S13 D19
T10 S15 D18
T10 S17 D17
T10 S19 D16
T10 S25 D13
T10 T5 D18
T10 T7 D15
T10 T9 D12
T11 D10 D14
T11 D11 D13
T11 D12 D12
T11 D13 D11
T11 D14 D10
T11 D15 D9
T11 D16 D8
T11 D17 D7
T11 D18 D6
T11 D19 D5
T11 D20 D4
T11 D4 D20
T11 D5 D19
T11 D6 D18
T11 D7 D17
T11 D8 D16
T11 D9 D15
T11 S10 D19
T11 S12 D18
T11 S14 D17
T11 S16 D16
T11 S18 D15
T11 S20 D14
T11 S8 D20
T11 T10 D9
T11 T4 D18
T11 T6 D15
T11 T8 D12
T12 S11 D17
T12 S13 D16
T12 S15 D15
T12 S17 D14
T12 S19 D13
T12 S25 D10
T12 S5 D20
T12 S7 D19
T12 S9 D18
T12 T11 D6
T12 T3 D18
T12 T5 D15
T12 T7 D12
T12 T9 D9
T13 D1 D20
T13 D10 D11
T13 D11 D10
T13 D12 D9
T13 D13 D8
T13 D14 D7
T13 D15 D6
T13 D16 D5
T13 D17 D4
T13 D18 D3
T13 D19 D2
T13 D2 D19
T13 D20 D1
T13 D3 D18
T13 D4 D17
T13 D5 D16
T13 D6 D15
T13 D7 D14
T13 D8 D13
T13 D9 D12
T13 S10 D16
T13 S12 D15
T13 S14 D14
T13 S16 D13
T13 S18 D12
T13 S2 D20
T13 S20 D11
T13 S4 D19
T13 S6 D18
T13 S8 D17
T13 T10 D6
T13 T12 D3
T13 T2 D18
T13 T4 D15
T13 T6 D12
T13 T8 D9
T14 S1 D19
T14 S11 D14
T14 S13 D13
T14 S15 D12
T14 S17 D11
T14 S19 D10
T14 S25 D7
T14 S3 D18
T14 S5 D17
T14 S7 D16
T14 S9 D15
T14 T1 D18
T14 T11 D3
T14 T3 D15
T14 T5 D12
T14 T7 D9
T14 T9 D6
T15 D1 D17
T15 D10 D8
T15 D11 D7
T15 D12 D6
T15 D13 D5
T15 D14 D4
T15 D15 D3
T15 D16 D2
T15 D17 D1
T15 D2 D16
T15 D3 D15
T15 D4 D14
T15 D5 D13
T15 D6 D12
T15 D7 D11
T15 D8 D10
T15 D9 D9
T15 S10 D13
T15 S12 D12
T15 S14 D11
T15 S16 D10
T15 S18 D9
T15 S2 D17
T15 S20 D8
T15 S4 D16
T15 S6 D15
T15 S8 D14
T15 T10 D3
T15 T2 D15
T15 T4 D12
T15 T6 D9
T15 T8 D6
T16 S1 D16
T16 S11 D11
T16 S13 D10
T16 S15 D9
T16 S17 D8
T16 S19 D7
T16 S25 D4
T16 S3 D15
T16 S5 D14
T16 S7 D13
T16 S9 D12
T16 T1 D15
T16 T3 D12
T16 T5 D9
T16 T7 D6
T16 T9 D3
T17 D1 D14
T17 D10 D5
T17 D11 D4
T17 D12 D3
T17 D13 D2
T17 D14 D1
T17 D2 D13
T17 D3 D12
T17 D4 D11
T17 D5 D10
T17 D6 D9
T17 D7 D8
T17 D8 D7
T17 D9 D6
T17 S10 D10
T17 S12 D9
T17 S14 D8
T17 S16 D7
T17 S18 D6
T17 S2 D14
T17 S20 D5
T17 S4 D13
T17 S6 D12
T17 S8 D11
T17 T2 D12
T17 T4 D9
T17 T6 D6
T17 T8 D3
T18 S1 D13
T18 S11 D8
T18 S13 D7
T18 S15 D6
T18 S17 D5
T18 S19 D4
T18 S25 D1
T18 S3 D12
T18 S5 D11
T18 S7 D10
T18 S9 D9
T18 T1 D12
T18 T3 D9
T18 T5 D6
T18 T7 D3
T19 D1 D11
T19 D10 D2
T19 D11 D1
T19 D2 D10
T19 D3 D9
T19 D4 D8
T19 D5 D7
T19 D6 D6
T19 D7 D5
T19 D8 D4
T19 D9 D3
T19 S10 D7
T19 S12 D6
T19 S14 D5
T19 S16 D4
T19 S18 D3
T19 S2 D11
T19 S20 D2
T19 S4 D10
T19 S6 D9
T19 S8 D8
T19 T2 D9
T19 T4 D6
T19 T6 D3
T2 S25 D25
T20 S1 D10
T20 S11 D5
T20 S13 D4
T20 S15 D3
T20 S17 D2
T20 S19 D1
T20 S3 D9
T20 S5 D8
T20 S7 D7
T20 S9 D6
T20 T1 D9
T20 T3 D6
T20 T5 D3
T3 D11 D25
T3 D16 D20
T3 D17 D19
T3 D18 D18
T3 D19 D17
T3 D20 D16
T3 D25 D11
T4 S19 D25
T5 D13 D20
T5 D14 D19
T5 D15 D18
T5 D16 D17
T5 D17 D16
T5 D18 D15
T5 D19 D14
T5 D20 D13
T5 D25 D8
T5 D8 D25
T5 S16 D25
T6 S13 D25
T6 S25 D19
T7 D10 D20
T7 D11 D19
T7 D12 D18
T7 D13 D17
T7 D14 D16
T7 D15 D15
T7 D16 D14
T7 D17 D13
T7 D18 D12
T7 D19 D11
T7 D20 D10
T7 D25 D5
T7 D5 D25
T7 S10 D25
T7 S20 D20
T8 S17 D20
T8 S19 D19
T8 S25 D16
T8 S7 D25
T8 T7 D18
T9 D10 D17
T9 D11 D16
T9 D12 D15
T9 D13 D14
T9 D14 D13
T9 D15 D12
T9 D16 D11
T9 D17 D10
T9 D18 D9
T9 D19 D8
T9 D2 D25
T9 D20 D7
T9 D25 D2
T9 D7 D20
T9 D8 D19
T9 D9 D18
T9 S14 D20
T9 S16 D19
T9 S18 D18
T9 S20 D17
T9 S4 D25
T9 T6 D18
T9 T8 D15