S1 D12
S11 D7
S13 D6
S15 D5
S17 D4
S19 D3
S3 D11
S5 D10
S7 D9
S9 D8
T1 D11
T3 D8
T5 D5
T7 D2
D1 S1 D11
D1 S11 D6
D1 S13 D5
D1 S15 D4
D1 S17 D3
D1 S19 D2
D1 S3 D10
D1 S5 D9
D1 S7 D8
D1 S9 D7
D10 S1 D2
D10 S3 D1
D11 S1 D1
D2 S1 D10
D2 S11 D5
D2 S13 D4
D2 S15 D3
D2 S17 D2
D2 S19 D1
D2 S3 D9
D2 S5 D8
D2 S7 D7
D2 S9 D6
D3 S1 D9
D3 S11 D4
D3 S13 D3
D3 S15 D2
D3 S17 D1
D3 S3 D8
D3 S5 D7
D3 S7 D6
D3 S9 D5
D4 S1 D8
D4 S11 D3
D4 S13 D2
D4 S15 D1
D4 S3 D7
D4 S5 D6
D4 S7 D5
D4 S9 D4
D5 S1 D7
D5 S11 D2
D5 S13 D1
D5 S3 D6
D5 S5 D5
D5 S7 D4
D5 S9 D3
D6 S1 D6
D6 S11 D1
D6 S3 D5
D6 S5 D4
D6 S7 D3
D6 S9 D2
D7 S1 D5
D7 S3 D4
D7 S5 D3
D7 S7 D2
D7 S9 D1
D8 S1 D4
D8 S3 D3
D8 S5 D2
D8 S7 D1
D9 S1 D3
D9 S3 D2
D9 S5 D1
S10 S1 D7
S10 S3 D6
S10 S5 D5
S10 S7 D4
S10 S9 D3
S11 S10 D2
S11 S2 D6
S11 S4 D5
S11 S6 D4
S11 S8 D3
S12 S1 D6
S12 S11 D1
S12 S3 D5
S12 S5 D4
S12 S7 D3
S12 S9 D2
S13 S10 D1
S13 S2 D5
S13 S4 D4
S13 S6 D3
S13 S8 D2
S14 S1 D5
S14 S3 D4
S14 S5 D3
S14 S7 D2
S14 S9 D1
S15 S2 D4
S15 S4 D3
S15 S6 D2
S15 S8 D1
S16 S1 D4
S16 S3 D3
S16 S5 D2
S16 S7 D1
S17 S2 D3
S17 S4 D2
S17 S6 D1
S18 S1 D3
S18 S3 D2
S18 S5 D1
S19 S2 D2
S19 S4 D1
S2 S1 D11
S20 S1 D2
S20 S3 D1
S3 S2 D10
S4 S1 D10
S4 S3 D9
S5 S2 D9
S5 S4 D8
S6 S1 D9
S6 S3 D8
S6 S5 D7
S7 S2 D8
S7 S4 D7
S7 S6 D6
S8 S1 D8
S8 S3 D7
S8 S5 D6
S8 S7 D5
S9 S2 D7
S9 S4 D6
S9 S6 D5
S9 S8 D4
T1 D1 D10
T1 D10 D1
T1 D2 D9
T1 D3 D8
T1 D4 D7
T1 D5 D6
T1 D6 D5
T1 D7 D4
T1 D8 D3
T1 D9 D2
T1 S10 D6
T1 S12 D5
T1 S14 D4
T1 S16 D3
T1 S18 D2
T1 S2 D10
T1 S20 D1
T1 S4 D9
T1 S6 D8
T1 S8 D7
T2 S1 D9
T2 S11 D4
T2 S13 D3
T2 S15 D2
T2 S17 D1
T2 S3 D8
T2 S5 D7
T2 S7 D6
T2 S9 D5
T2 T1 D8
T3 D1 D7
T3 D2 D6
T3 D3 D5
T3 D4 D4
T3 D5 D3
T3 D6 D2
T3 D7 D1
T3 S10 D3
T3 S12 D2
T3 S14 D1
T3 S2 D7
T3 S4 D6
T3 S6 D5
T3 S8 D4
T3 T2 D5
T4 S1 D6
T4 S11 D1
T4 S3 D5
T4 S5 D4
T4 S7 D3
T4 S9 D2
T4 T1 D5
T4 T3 D2
T5 D1 D4
T5 D2 D3
T5 D3 D2
T5 D4 D1
T5 S2 D4
T5 S4 D3
T5 S6 D2
T5 S8 D1
T5 T2 D2
T6 S1 D3
T6 S3 D2
T6 S5 D1
T6 T1 D2
T7 D1 D1
T7 S2 D1