D1 D20
D10 D11
D11 D10
D12 D9
D13 D8
D14 D7
D15 D6
D16 D5
D17 D4
D18 D3
D19 D2
D2 D19
D20 D1
D3 D18
D4 D17
D5 D16
D6 D15
D7 D14
D8 D13
D9 D12
S10 D16
S12 D15
S14 D14
S16 D13
S18 D12
S2 D20
S20 D11
S4 D19
S6 D18
S8 D17
T10 D6
T12 D3
T2 D18
T4 D15
T6 D12
T8 D9
D1 D1 D19
D1 D10 D10
D1 D11 D9
D1 D12 D8
D1 D13 D7
D1 D14 D6
D1 D15 D5
D1 D16 D4
D1 D17 D3
D1 D18 D2
D1 D19 D1
D1 D2 D18
D1 D3 D17
D1 D4 D16
D1 D5 D15
D1 D6 D14
D1 D7 D13
D1 D8 D12
D1 D9 D11
D1 S10 D15
D1 S12 D14
D1 S14 D13
D1 S16 D12
D1 S18 D11
D1 S2 D19
D1 S20 D10
D1 S4 D18
D1 S6 D17
D1 S8 D16
D1 T10 D5
D1 T12 D2
D1 T2 D17
D1 T4 D14
D1 T6 D11
D1 T8 D8
D10 D1 D10
D10 D10 D1
D10 D2 D9
D10 D3 D8
D10 D4 D7
D10 D5 D6
D10 D6 D5
D10 D7 D4
D10 D8 D3
D10 D9 D2
D10 S10 D6
D10 S12 D5
D10 S14 D4
D10 S16 D3
D10 S18 D2
D10 S2 D10
D10 S20 D1
D10 S4 D9
D10 S6 D8
D10 S8 D7
D10 T2 D8
D10 T4 D5
D10 T6 D2
D11 D1 D9
D11 D2 D8
D11 D3 D7
D11 D4 D6
D11 D5 D5
D11 D6 D4
D11 D7 D3
D11 D8 D2
D11 D9 D1
D11 S10 D5
D11 S12 D4
D11 S14 D3
D11 S16 D2
D11 S18 D1
D11 S2 D9
D11 S4 D8
D11 S6 D7
D11 S8 D6
D11 T2 D7
D11 T4 D4
D11 T6 D1
D12 D1 D8
D12 D2 D7
D12 D3 D6
D12 D4 D5
D12 D5 D4
D12 D6 D3
D12 D7 D2
D12 D8 D1
D12 S10 D4
D12 S12 D3
D12 S14 D2
D12 S16 D1
D12 S2 D8
D12 S4 D7
D12 S6 D6
D12 S8 D5
D12 T2 D6
D12 T4 D3
D13 D1 D7
D13 D2 D6
D13 D3 D5
D13 D4 D4
D13 D5 D3
D13 D6 D2
D13 D7 D1
D13 S10 D3
D13 S12 D2
D13 S14 D1
D13 S2 D7
D13 S4 D6
D13 S6 D5
D13 S8 D4
D13 T2 D5
D13 T4 D2
D14 D1 D6
D14 D2 D5
D14 D3 D4
D14 D4 D3
D14 D5 D2
D14 D6 D1
D14 S10 D2
D14 S12 D1
D14 S2 D6
D14 S4 D5
D14 S6 D4
D14 S8 D3
D14 T2 D4
D14 T4 D1
D15 D1 D5
D15 D2 D4
D15 D3 D3
D15 D4 D2
D15 D5 D1
D15 S10 D1
D15 S2 D5
D15 S4 D4
D15 S6 D3
D15 S8 D2
D15 T2 D3
D16 D1 D4
D16 D2 D3
D16 D3 D2
D16 D4 D1
D16 S2 D4
D16 S4 D3
D16 S6 D2
D16 S8 D1
D16 T2 D2
D17 D1 D3
D17 D2 D2
D17 D3 D1
D17 S2 D3
D17 S4 D2
D17 S6 D1
D17 T2 D1
D18 D1 D2
D18 D2 D1
D18 S2 D2
D18 S4 D1
D19 D1 D1
D19 S2 D1
D2 D1 D18
D2 D10 D9
D2 D11 D8
D2 D12 D7
D2 D13 D6
D2 D14 D5
D2 D15 D4
D2 D16 D3
D2 D17 D2
D2 D18 D1
D2 D2 D17
D2 D3 D16
D2 D4 D15
D2 D5 D14
D2 D6 D13
D2 D7 D12
D2 D8 D11
D2 D9 D10
D2 S10 D14
D2 S12 D13
D2 S14 D12
D2 S16 D11
D2 S18 D10
D2 S2 D18
D2 S20 D9
D2 S4 D17
D2 S6 D16
D2 S8 D15
D2 T10 D4
D2 T12 D1
D2 T2 D16
D2 T4 D13
D2 T6 D10
D2 T8 D7
D3 D1 D17
D3 D10 D8
D3 D11 D7
D3 D12 D6
D3 D13 D5
D3 D14 D4
D3 D15 D3
D3 D16 D2
D3 D17 D1
D3 D2 D16
D3 D3 D15
D3 D4 D14
D3 D5 D13
D3 D6 D12
D3 D7 D11
D3 D8 D10
D3 D9 D9
D3 S10 D13
D3 S12 D12
D3 S14 D11
D3 S16 D10
D3 S18 D9
D3 S2 D17
D3 S20 D8
D3 S4 D16
D3 S6 D15
D3 S8 D14
D3 T10 D3
D3 T2 D15
D3 T4 D12
D3 T6 D9
D3 T8 D6
D4 D1 D16
D4 D10 D7
D4 D11 D6
D4 D12 D5
D4 D13 D4
D4 D14 D3
D4 D15 D2
D4 D16 D1
D4 D2 D15
D4 D3 D14
D4 D4 D13
D4 D5 D12
D4 D6 D11
D4 D7 D10
D4 D8 D9
D4 D9 D8
D4 S10 D12
D4 S12 D11
D4 S14 D10
D4 S16 D9
D4 S18 D8
D4 S2 D16
D4 S20 D7
D4 S4 D15
D4 S6 D14
D4 S8 D13
D4 T10 D2
D4 T2 D14
D4 T4 D11
D4 T6 D8
D4 T8 D5
D5 D1 D15
D5 D10 D6
D5 D11 D5
D5 D12 D4
D5 D13 D3
D5 D14 D2
D5 D15 D1
D5 D2 D14
D5 D3 D13
D5 D4 D12
D5 D5 D11
D5 D6 D10
D5 D7 D9
D5 D8 D8
D5 D9 D7
D5 S10 D11
D5 S12 D10
D5 S14 D9
D5 S16 D8
D5 S18 D7
D5 S2 D15
D5 S20 D6
D5 S4 D14
D5 S6 D13
D5 S8 D12
D5 T10 D1
D5 T2 D13
D5 T4 D10
D5 T6 D7
D5 T8 D4
D6 D1 D14
D6 D10 D5
D6 D11 D4
D6 D12 D3
D6 D13 D2
D6 D14 D1
D6 D2 D13
D6 D3 D12
D6 D4 D11
D6 D5 D10
D6 D6 D9
D6 D7 D8
D6 D8 D7
D6 D9 D6
D6 S10 D10
D6 S12 D9
D6 S14 D8
D6 S16 D7
D6 S18 D6
D6 S2 D14
D6 S20 D5
D6 S4 D13
D6 S6 D12
D6 S8 D11
D6 T2 D12
D6 T4 D9
D6 T6 D6
D6 T8 D3
D7 D1 D13
D7 D10 D4
D7 D11 D3
D7 D12 D2
D7 D13 D1
D7 D2 D12
D7 D3 D11
D7 D4 D10
D7 D5 D9
D7 D6 D8
D7 D7 D7
D7 D8 D6
D7 D9 D5
D7 S10 D9
D7 S12 D8
D7 S14 D7
D7 S16 D6
D7 S18 D5
D7 S2 D13
D7 S20 D4
D7 S4 D12
D7 S6 D11
D7 S8 D10
D7 T2 D11
D7 T4 D8
D7 T6 D5
D7 T8 D2
D8 D1 D12
D8 D10 D3
D8 D11 D2
D8 D12 D1
D8 D2 D11
D8 D3 D10
D8 D4 D9
D8 D5 D8
D8 D6 D7
D8 D7 D6
D8 D8 D5
D8 D9 D4
D8 S10 D8
D8 S12 D7
D8 S14 D6
D8 S16 D5
D8 S18 D4
D8 S2 D12
D8 S20 D3
D8 S4 D11
D8 S6 D10
D8 S8 D9
D8 T2 D10
D8 T4 D7
D8 T6 D4
D8 T8 D1
D9 D1 D11
D9 D10 D2
D9 D11 D1
D9 D2 D10
D9 D3 D9
D9 D4 D8
D9 D5 D7
D9 D6 D6
D9 D7 D5
D9 D8 D4
D9 D9 D3
D9 S10 D7
D9 S12 D6
D9 S14 D5
D9 S16 D4
D9 S18 D3
D9 S2 D11
D9 S20 D2
D9 S4 D10
D9 S6 D9
D9 S8 D8
D9 T2 D9
D9 T4 D6
D9 T6 D3
S1 S1 D20
S1 S11 D15
S1 S13 D14
S1 S15 D13
S1 S17 D12
S1 S19 D11
S1 S25 D8
S1 S3 D19
S1 S5 D18
S1 S7 D17
S1 S9 D16
S1 T1 D19
S1 T11 D4
S1 T13 D1
S1 T3 D16
S1 T5 D13
S1 T7 D10
S1 T9 D7
S10 D1 D15
S10 D10 D6
S10 D11 D5
S10 D12 D4
S10 D13 D3
S10 D14 D2
S10 D15 D1
S10 D2 D14
S10 D3 D13
S10 D4 D12
S10 D5 D11
S10 D6 D10
S10 D7 D9
S10 D8 D8
S10 D9 D7
S10 S10 D11
S10 S12 D10
S10 S14 D9
S10 S16 D8
S10 S18 D7
S10 S2 D15
S10 S20 D6
S10 S4 D14
S10 S6 D13
S10 S8 D12
S10 T10 D1
S10 T2 D13
S10 T4 D10
S10 T6 D7
S10 T8 D4
S11 S1 D15
S11 S11 D10
S11 S13 D9
S11 S15 D8
S11 S17 D7
S11 S19 D6
S11 S25 D3
S11 S3 D14
S11 S5 D13
S11 S7 D12
S11 S9 D11
S11 T1 D14
S11 T3 D11
S11 T5 D8
S11 T7 D5
S11 T9 D2
S12 D1 D14
S12 D10 D5
S12 D11 D4
S12 D12 D3
S12 D13 D2
S12 D14 D1
S12 D2 D13
S12 D3 D12
S12 D4 D11
S12 D5 D10
S12 D6 D9
S12 D7 D8
S12 D8 D7
S12 D9 D6
S12 S10 D10
S12 S12 D9
S12 S14 D8
S12 S16 D7
S12 S18 D6
S12 S2 D14
S12 S20 D5
S12 S4 D13
S12 S6 D12
S12 S8 D11
S12 T2 D12
S12 T4 D9
S12 T6 D6
S12 T8 D3
S13 S1 D14
S13 S11 D9
S13 S13 D8
S13 S15 D7
S13 S17 D6
S13 S19 D5
S13 S25 D2
S13 S3 D13
S13 S5 D12
S13 S7 D11
S13 S9 D10
S13 T1 D13
S13 T3 D10
S13 T5 D7
S13 T7 D4
S13 T9 D1
S14 D1 D13
S14 D10 D4
S14 D11 D3
S14 D12 D2
S14 D13 D1
S14 D2 D12
S14 D3 D11
S14 D4 D10
S14 D5 D9
S14 D6 D8
S14 D7 D7
S14 D8 D6
S14 D9 D5
S14 S10 D9
S14 S12 D8
S14 S14 D7
S14 S16 D6
S14 S18 D5
S14 S2 D13
S14 S20 D4
S14 S4 D12
S14 S6 D11
S14 S8 D10
S14 T2 D11
S14 T4 D8
S14 T6 D5
S14 T8 D2
S15 S1 D13
S15 S11 D8
S15 S13 D7
S15 S15 D6
S15 S17 D5
S15 S19 D4
S15 S25 D1
S15 S3 D12
S15 S5 D11
S15 S7 D10
S15 S9 D9
S15 T1 D12
S15 T3 D9
S15 T5 D6
S15 T7 D3
S16 D1 D12
S16 D10 D3
S16 D11 D2
S16 D12 D1
S16 D2 D11
S16 D3 D10
S16 D4 D9
S16 D5 D8
S16 D6 D7
S16 D7 D6
S16 D8 D5
S16 D9 D4
S16 S10 D8
S16 S12 D7
S16 S14 D6
S16 S16 D5
S16 S18 D4
S16 S2 D12
S16 S20 D3
S16 S4 D11
S16 S6 D10
S16 S8 D9
S16 T2 D10
S16 T4 D7
S16 T6 D4
S16 T8 D1
S17 S1 D12
S17 S11 D7
S17 S13 D6
S17 S15 D5
S17 S17 D4
S17 S19 D3
S17 S3 D11
S17 S5 D10
S17 S7 D9
S17 S9 D8
S17 T1 D11
S17 T3 D8
S17 T5 D5
S17 T7 D2
S18 D1 D11
S18 D10 D2
S18 D11 D1
S18 D2 D10
S18 D3 D9
S18 D4 D8
S18 D5 D7
S18 D6 D6
S18 D7 D5
S18 D8 D4
S18 D9 D3
S18 S10 D7
S18 S12 D6
S18 S14 D5
S18 S16 D4
S18 S18 D3
S18 S2 D11
S18 S20 D2
S18 S4 D10
S18 S6 D9
S18 S8 D8
S18 T2 D9
S18 T4 D6
S18 T6 D3
S19 S1 D11
S19 S11 D6
S19 S13 D5
S19 S15 D4
S19 S17 D3
S19 S19 D2
S19 S3 D10
S19 S5 D9
S19 S7 D8
S19 S9 D7
S19 T1 D10
S19 T3 D7
S19 T5 D4
S19 T7 D1
S2 D1 D19
S2 D10 D10
S2 D11 D9
S2 D12 D8
S2 D13 D7
S2 D14 D6
S2 D15 D5
S2 D16 D4
S2 D17 D3
S2 D18 D2
S2 D19 D1
S2 D2 D18
S2 D3 D17
S2 D4 D16
S2 D5 D15
S2 D6 D14
S2 D7 D13
S2 D8 D12
S2 D9 D11
S2 S10 D15
S2 S12 D14
S2 S14 D13
S2 S16 D12
S2 S18 D11
S2 S2 D19
S2 S20 D10
S2 S4 D18
S2 S6 D17
S2 S8 D16
S2 T10 D5
S2 T12 D2
S2 T2 D17
S2 T4 D14
S2 T6 D11
S2 T8 D8
S20 D1 D10
S20 D10 D1
S20 D2 D9
S20 D3 D8
S20 D4 D7
S20 D5 D6
S20 D6 D5
S20 D7 D4
S20 D8 D3
S20 D9 D2
S20 S10 D6
S20 S12 D5
S20 S14 D4
S20 S16 D3
S20 S18 D2
S20 S2 D10
S20 S20 D1
S20 S4 D9
S20 S6 D8
S20 S8 D7
S20 T2 D8
S20 T4 D5
S20 T6 D2
S25 S1 D8
S25 S11 D3
S25 S13 D2
S25 S15 D1
S25 S3 D7
S25 S5 D6
S25 S7 D5
S25 S9 D4
S25 T1 D7
S25 T3 D4
S25 T5 D1
S3 S1 D19
S3 S11 D14
S3 S13 D13
S3 S15 D12
S3 S17 D11
S3 S19 D10
S3 S25 D7
S3 S3 D18
S3 S5 D17
S3 S7 D16
S3 S9 D15
S3 T1 D18
S3 T11 D3
S3 T3 D15
S3 T5 D12
S3 T7 D9
S3 T9 D6
S4 D1 D18
S4 D10 D9
S4 D11 D8
S4 D12 D7
S4 D13 D6
S4 D14 D5
S4 D15 D4
S4 D16 D3
S4 D17 D2
S4 D18 D1
S4 D2 D17
S4 D3 D16
S4 D4 D15
S4 D5 D14
S4 D6 D13
S4 D7 D12
S4 D8 D11
S4 D9 D10
S4 S10 D14
S4 S12 D13
S4 S14 D12
S4 S16 D11
S4 S18 D10
S4 S2 D18
S4 S20 D9
S4 S4 D17
S4 S6 D16
S4 S8 D15
S4 T10 D4
S4 T12 D1
S4 T2 D16
S4 T4 D13
S4 T6 D10
S4 T8 D7
S5 S1 D18
S5 S11 D13
S5 S13 D12
S5 S15 D11
S5 S17 D10
S5 S19 D9
S5 S25 D6
S5 S3 D17
S5 S5 D16
S5 S7 D15
S5 S9 D14
S5 T1 D17
S5 T11 D2
S5 T3 D14
S5 T5 D11
S5 T7 D8
S5 T9 D5
S6 D1 D17
S6 D10 D8
S6 D11 D7
S6 D12 D6
S6 D13 D5
S6 D14 D4
S6 D15 D3
S6 D16 D2
S6 D17 D1
S6 D2 D16
S6 D3 D15
S6 D4 D14
S6 D5 D13
S6 D6 D12
S6 D7 D11
S6 D8 D10
S6 D9 D9
S6 S10 D13
S6 S12 D12
S6 S14 D11
S6 S16 D10
S6 S18 D9
S6 S2 D17
S6 S20 D8
S6 S4 D16
S6 S6 D15
S6 S8 D14
S6 T10 D3
S6 T2 D15
S6 T4 D12
S6 T6 D9
S6 T8 D6
S7 S1 D17
S7 S11 D12
S7 S13 D11
S7 S15 D10
S7 S17 D9
S7 S19 D8
S7 S25 D5
S7 S3 D16
S7 S5 D15
S7 S7 D14
S7 S9 D13
S7 T1 D16
S7 T11 D1
S7 T3 D13
S7 T5 D10
S7 T7 D7
S7 T9 D4
S8 D1 D16
S8 D10 D7
S8 D11 D6
S8 D12 D5
S8 D13 D4
S8 D14 D3
S8 D15 D2
S8 D16 D1
S8 D2 D15
S8 D3 D14
S8 D4 D13
S8 D5 D12
S8 D6 D11
S8 D7 D10
S8 D8 D9
S8 D9 D8
S8 S10 D12
S8 S12 D11
S8 S14 D10
S8 S16 D9
S8 S18 D8
S8 S2 D16
S8 S20 D7
S8 S4 D15
S8 S6 D14
S8 S8 D13
S8 T10 D2
S8 T2 D14
S8 T4 D11
S8 T6 D8
S8 T8 D5
S9 S1 D16
S9 S11 D11
S9 S13 D10
S9 S15 D9
S9 S17 D8
S9 S19 D7
S9 S25 D4
S9 S3 D15
S9 S5 D14
S9 S7 D13
S9 S9 D12
S9 T1 D15
S9 T3 D12
S9 T5 D9
S9 T7 D6
S9 T9 D3
T1 S1 D19
T1 S11 D14
T1 S13 D13
T1 S15 D12
T1 S17 D11
T1 S19 D10
T1 S25 D7
T1 S3 D18
T1 S5 D17
T1 S7 D16
T1 S9 D15
T1 T1 D18
T1 T11 D3
T1 T3 D15
T1 T5 D12
T1 T7 D9
T1 T9 D6
T10 D1 D5
T10 D2 D4
T10 D3 D3
T10 D4 D2
T10 D5 D1
T10 S10 D1
T10 S2 D5
T10 S4 D4
T10 S6 D3
T10 S8 D2
T10 T2 D3
T11 S1 D4
T11 S3 D3
T11 S5 D2
T11 S7 D1
T11 T1 D3
T12 D1 D2
T12 D2 D1
T12 S2 D2
T12 S4 D1
T13 S1 D1
T2 D1 D17
T2 D10 D8
T2 D11 D7
T2 D12 D6
T2 D13 D5
T2 D14 D4
T2 D15 D3
T2 D16 D2
T2 D17 D1
T2 D2 D16
T2 D3 D15
T2 D4 D14
T2 D5 D13
T2 D6 D12
T2 D7 D11
T2 D8 D10
T2 D9 D9
T2 S10 D13
T2 S12 D12
T2 S14 D11
T2 S16 D10
T2 S18 D9
T2 S2 D17
T2 S20 D8
T2 S4 D16
T2 S6 D15
T2 S8 D14
T2 T10 D3
T2 T2 D15
T2 T4 D12
T2 T6 D9
T2 T8 D6
T3 S1 D16
T3 S11 D11
T3 S13 D10
T3 S15 D9
T3 S17 D8
T3 S19 D7
T3 S25 D4
T3 S3 D15
T3 S5 D14
T3 S7 D13
T3 S9 D12
T3 T1 D15
T3 T3 D12
T3 T5 D9
T3 T7 D6
T3 T9 D3
T4 D1 D14
T4 D10 D5
T4 D11 D4
T4 D12 D3
T4 D13 D2
T4 D14 D1
T4 D2 D13
T4 D3 D12
T4 D4 D11
T4 D5 D10
T4 D6 D9
T4 D7 D8
T4 D8 D7
T4 D9 D6
T4 S10 D10
T4 S12 D9
T4 S14 D8
T4 S16 D7
T4 S18 D6
T4 S2 D14
T4 S20 D5
T4 S4 D13
T4 S6 D12
T4 S8 D11
T4 T2 D12
T4 T4 D9
T4 T6 D6
T4 T8 D3
T5 S1 D13
T5 S11 D8
T5 S13 D7
T5 S15 D6
T5 S17 D5
T5 S19 D4
T5 S25 D1
T5 S3 D12
T5 S5 D11
T5 S7 D10
T5 S9 D9
T5 T1 D12
T5 T3 D9
T5 T5 D6
T5 T7 D3
T6 D1 D11
T6 D10 D2
T6 D11 D1
T6 D2 D10
T6 D3 D9
T6 D4 D8
T6 D5 D7
T6 D6 D6
T6 D7 D5
T6 D8 D4
T6 D9 D3
T6 S10 D7
T6 S12 D6
T6 S14 D5
T6 S16 D4
T6 S18 D3
T6 S2 D11
T6 S20 D2
T6 S4 D10
T6 S6 D9
T6 S8 D8
T6 T2 D9
T6 T4 D6
T6 T6 D3
T7 S1 D10
T7 S11 D5
T7 S13 D4
T7 S15 D3
T7 S17 D2
T7 S19 D1
T7 S3 D9
T7 S5 D8
T7 S7 D7
T7 S9 D6
T7 T1 D9
T7 T3 D6
T7 T5 D3
T8 D1 D8
T8 D2 D7
T8 D3 D6
T8 D4 D5
T8 D5 D4
T8 D6 D3
T8 D7 D2
T8 D8 D1
T8 S10 D4
T8 S12 D3
T8 S14 D2
T8 S16 D1
T8 S2 D8
T8 S4 D7
T8 S6 D6
T8 S8 D5
T8 T2 D6
T8 T4 D3
T9 S1 D7
T9 S11 D2
T9 S13 D1
T9 S3 D6
T9 S5 D5
T9 S7 D4
T9 S9 D3
T9 T1 D6
T9 T3 D3