D3
D1 D2
D2 D1
S2 D2
S4 D1
D1 D1 D1
D1 S2 D1
S1 S1 D2
S2 S2 D1
S3 S1 D1
T1 S1 D1