D4
D1 D3
D2 D2
D3 D1
S2 D3
S4 D2
S6 D1
T2 D1
D1 D1 D2
D1 S2 D2
D1 S4 D1
D2 D1 D1
D2 S2 D1
S1 S1 D3
S2 S2 D2
S3 S1 D2
S3 S3 D1
S4 S2 D1
S5 S1 D1
T1 S1 D2
T1 S3 D1
T1 T1 D1