D12 D20
D13 D19
D14 D18
D15 D17
D16 D16
D17 D15
D18 D14
D19 D13
D20 D12
D25 D7
D7 D25
S14 D25
T10 D17
T12 D14
T14 D11
T16 D8
T18 D5
T20 D2
T8 D20
D1 S12 D25
D10 D10 D12
D10 D2 D20
D10 D3 D19
D10 D4 D18
D10 D5 D17
D10 D6 D16
D10 D7 D15
D10 D8 D14
D10 D9 D13
D10 S10 D17
D10 S12 D16
D10 S14 D15
D10 S16 D14
D10 S18 D13
D10 S20 D12
D10 S4 D20
D10 S6 D19
D10 S8 D18
D11 D1 D20
D11 D10 D11
D11 D11 D10
D11 D2 D19
D11 D3 D18
D11 D4 D17
D11 D5 D16
D11 D6 D15
D11 D7 D14
D11 D8 D13
D11 D9 D12
D11 S10 D16
D11 S12 D15
D11 S14 D14
D11 S16 D13
D11 S18 D12
D11 S2 D20
D11 S20 D11
D11 S4 D19
D11 S6 D18
D11 S8 D17
D12 D1 D19
D12 D10 D10
D12 D11 D9
D12 D12 D8
D12 D2 D18
D12 D3 D17
D12 D4 D16
D12 D5 D15
D12 D6 D14
D12 D7 D13
D12 D8 D12
D12 D9 D11
D12 S10 D15
D12 S12 D14
D12 S14 D13
D12 S16 D12
D12 S18 D11
D12 S2 D19
D12 S20 D10
D12 S4 D18
D12 S6 D17
D12 S8 D16
D13 D1 D18
D13 D10 D9
D13 D11 D8
D13 D12 D7
D13 D13 D6
D13 D2 D17
D13 D3 D16
D13 D4 D15
D13 D5 D14
D13 D6 D13
D13 D7 D12
D13 D8 D11
D13 D9 D10
D13 S10 D14
D13 S12 D13
D13 S14 D12
D13 S16 D11
D13 S18 D10
D13 S2 D18
D13 S20 D9
D13 S4 D17
D13 S6 D16
D13 S8 D15
D14 D1 D17
D14 D10 D8
D14 D11 D7
D14 D12 D6
D14 D13 D5
D14 D14 D4
D14 D2 D16
D14 D3 D15
D14 D4 D14
D14 D5 D13
D14 D6 D12
D14 D7 D11
D14 D8 D10
D14 D9 D9
D14 S10 D13
D14 S12 D12
D14 S14 D11
D14 S16 D10
D14 S18 D9
D14 S2 D17
D14 S20 D8
D14 S4 D16
D14 S6 D15
D14 S8 D14
D15 D1 D16
D15 D10 D7
D15 D11 D6
D15 D12 D5
D15 D13 D4
D15 D14 D3
D15 D15 D2
D15 D2 D15
D15 D3 D14
D15 D4 D13
D15 D5 D12
D15 D6 D11
D15 D7 D10
D15 D8 D9
D15 D9 D8
D15 S10 D12
D15 S12 D11
D15 S14 D10
D15 S16 D9
D15 S18 D8
D15 S2 D16
D15 S20 D7
D15 S4 D15
D15 S6 D14
D15 S8 D13
D16 D1 D15
D16 D10 D6
D16 D11 D5
D16 D12 D4
D16 D13 D3
D16 D14 D2
D16 D15 D1
D16 D2 D14
D16 D3 D13
D16 D4 D12
D16 D5 D11
D16 D6 D10
D16 D7 D9
D16 D8 D8
D16 D9 D7
D16 S10 D11
D16 S12 D10
D16 S14 D9
D16 S16 D8
D16 S18 D7
D16 S2 D15
D16 S20 D6
D16 S4 D14
D16 S6 D13
D16 S8 D12
D17 D1 D14
D17 D10 D5
D17 D11 D4
D17 D12 D3
D17 D13 D2
D17 D14 D1
D17 D2 D13
D17 D3 D12
D17 D4 D11
D17 D5 D10
D17 D6 D9
D17 D7 D8
D17 D8 D7
D17 D9 D6
D17 S10 D10
D17 S12 D9
D17 S14 D8
D17 S16 D7
D17 S18 D6
D17 S2 D14
D17 S20 D5
D17 S4 D13
D17 S6 D12
D17 S8 D11
D18 D1 D13
D18 D10 D4
D18 D11 D3
D18 D12 D2
D18 D13 D1
D18 D2 D12
D18 D3 D11
D18 D4 D10
D18 D5 D9
D18 D6 D8
D18 D7 D7
D18 D8 D6
D18 D9 D5
D18 S10 D9
D18 S12 D8
D18 S14 D7
D18 S16 D6
D18 S18 D5
D18 S2 D13
D18 S20 D4
D18 S4 D12
D18 S6 D11
D18 S8 D10
D19 D1 D12
D19 D10 D3
D19 D11 D2
D19 D12 D1
D19 D2 D11
D19 D3 D10
D19 D4 D9
D19 D5 D8
D19 D6 D7
D19 D7 D6
D19 D8 D5
D19 D9 D4
D19 S10 D8
D19 S12 D7
D19 S14 D6
D19 S16 D5
D19 S18 D4
D19 S2 D12
D19 S20 D3
D19 S4 D11
D19 S6 D10
D19 S8 D9
D2 S10 D25
D2 S20 D20
D20 D1 D11
D20 D10 D2
D20 D11 D1
D20 D2 D10
D20 D3 D9
D20 D4 D8
D20 D5 D7
D20 D6 D6
D20 D7 D5
D20 D8 D4
D20 D9 D3
D20 S10 D7
D20 S12 D6
D20 S14 D5
D20 S16 D4
D20 S18 D3
D20 S2 D11
D20 S20 D2
D20 S4 D10
D20 S6 D9
D20 S8 D8
D25 D1 D6
D25 D2 D5
D25 D3 D4
D25 D4 D3
D25 D5 D2
D25 D6 D1
D25 S10 D2
D25 S12 D1
D25 S2 D6
D25 S4 D5
D25 S6 D4
D25 S8 D3
D3 S18 D20
D3 S20 D19
D3 S8 D25
D4 D3 D25
D4 S16 D20
D4 S18 D19
D4 S20 D18
D4 S6 D25
D5 D2 D25
D5 S14 D20
D5 S16 D19
D5 S18 D18
D5 S20 D17
D5 S4 D25
D6 D1 D25
D6 D6 D20
D6 S12 D20
D6 S14 D19
D6 S16 D18
D6 S18 D17
D6 S2 D25
D6 S20 D16
D7 D5 D20
D7 D6 D19
D7 D7 D18
D7 S10 D20
D7 S12 D19
D7 S14 D18
D7 S16 D17
D7 S18 D16
D7 S20 D15
D8 D4 D20
D8 D5 D19
D8 D6 D18
D8 D7 D17
D8 D8 D16
D8 S10 D19
D8 S12 D18
D8 S14 D17
D8 S16 D16
D8 S18 D15
D8 S20 D14
D8 S8 D20
D9 D3 D20
D9 D4 D19
D9 D5 D18
D9 D6 D17
D9 D7 D16
D9 D8 D15
D9 D9 D14
D9 S10 D18
D9 S12 D17
D9 S14 D16
D9 S16 D15
D9 S18 D14
D9 S20 D13
D9 S6 D20
D9 S8 D19
S10 S4 D25
S11 S3 D25
S12 S12 D20
S12 S2 D25
S13 S1 D25
S13 S11 D20
S13 S13 D19
S14 S10 D20
S14 S12 D19
S14 S14 D18
S15 S11 D19
S15 S13 D18
S15 S15 D17
S15 S9 D20
S16 S10 D19
S16 S12 D18
S16 S14 D17
S16 S16 D16
S16 S8 D20
S17 S11 D18
S17 S13 D17
S17 S15 D16
S17 S17 D15
S17 S7 D20
S17 S9 D19
S18 S10 D18
S18 S12 D17
S18 S14 D16
S18 S16 D15
S18 S18 D14
S18 S6 D20
S18 S8 D19
S19 S11 D17
S19 S13 D16
S19 S15 D15
S19 S17 D14
S19 S19 D13
S19 S5 D20
S19 S7 D19
S19 S9 D18
S20 S10 D17
S20 S12 D16
S20 S14 D15
S20 S16 D14
S20 S18 D13
S20 S20 D12
S20 S4 D20
S20 S6 D19
S20 S8 D18
S25 S1 D19
S25 S11 D14
S25 S13 D13
S25 S15 D12
S25 S17 D11
S25 S19 D10
S25 S25 D7
S25 S3 D18
S25 S5 D17
S25 S7 D16
S25 S9 D15
S7 S7 D25
S8 S6 D25
S9 S5 D25
T1 S11 D25
T1 S25 D18
T10 D1 D16
T10 D10 D7
T10 D11 D6
T10 D12 D5
T10 D13 D4
T10 D14 D3
T10 D15 D2
T10 D16 D1
T10 D2 D15
T10 D3 D14
T10 D4 D13
T10 D5 D12
T10 D6 D11
T10 D7 D10
T10 D8 D9
T10 D9 D8
T10 S10 D12
T10 S12 D11
T10 S14 D10
T10 S16 D9
T10 S18 D8
T10 S2 D16
T10 S20 D7
T10 S4 D15
T10 S6 D14
T10 S8 D13
T10 T10 D2
T10 T2 D14
T10 T4 D11
T10 T6 D8
T10 T8 D5
T11 S1 D15
T11 S11 D10
T11 S13 D9
T11 S15 D8
T11 S17 D7
T11 S19 D6
T11 S25 D3
T11 S3 D14
T11 S5 D13
T11 S7 D12
T11 S9 D11
T11 T1 D14
T11 T3 D11
T11 T5 D8
T11 T7 D5
T11 T9 D2
T12 D1 D13
T12 D10 D4
T12 D11 D3
T12 D12 D2
T12 D13 D1
T12 D2 D12
T12 D3 D11
T12 D4 D10
T12 D5 D9
T12 D6 D8
T12 D7 D7
T12 D8 D6
T12 D9 D5
T12 S10 D9
T12 S12 D8
T12 S14 D7
T12 S16 D6
T12 S18 D5
T12 S2 D13
T12 S20 D4
T12 S4 D12
T12 S6 D11
T12 S8 D10
T12 T2 D11
T12 T4 D8
T12 T6 D5
T12 T8 D2
T13 S1 D12
T13 S11 D7
T13 S13 D6
T13 S15 D5
T13 S17 D4
T13 S19 D3
T13 S3 D11
T13 S5 D10
T13 S7 D9
T13 S9 D8
T13 T1 D11
T13 T3 D8
T13 T5 D5
T13 T7 D2
T14 D1 D10
T14 D10 D1
T14 D2 D9
T14 D3 D8
T14 D4 D7
T14 D5 D6
T14 D6 D5
T14 D7 D4
T14 D8 D3
T14 D9 D2
T14 S10 D6
T14 S12 D5
T14 S14 D4
T14 S16 D3
T14 S18 D2
T14 S2 D10
T14 S20 D1
T14 S4 D9
T14 S6 D8
T14 S8 D7
T14 T2 D8
T14 T4 D5
T14 T6 D2
T15 S1 D9
T15 S11 D4
T15 S13 D3
T15 S15 D2
T15 S17 D1
T15 S3 D8
T15 S5 D7
T15 S7 D6
T15 S9 D5
T15 T1 D8
T15 T3 D5
T15 T5 D2
T16 D1 D7
T16 D2 D6
T16 D3 D5
T16 D4 D4
T16 D5 D3
T16 D6 D2
T16 D7 D1
T16 S10 D3
T16 S12 D2
T16 S14 D1
T16 S2 D7
T16 S4 D6
T16 S6 D5
T16 S8 D4
T16 T2 D5
T16 T4 D2
T17 S1 D6
T17 S11 D1
T17 S3 D5
T17 S5 D4
T17 S7 D3
T17 S9 D2
T17 T1 D5
T17 T3 D2
T18 D1 D4
T18 D2 D3
T18 D3 D2
T18 D4 D1
T18 S2 D4
T18 S4 D3
T18 S6 D2
T18 S8 D1
T18 T2 D2
T19 S1 D3
T19 S3 D2
T19 S5 D1
T19 T1 D2
T2 D10 D19
T2 D11 D18
T2 D12 D17
T2 D13 D16
T2 D14 D15
T2 D15 D14
T2 D16 D13
T2 D17 D12
T2 D18 D11
T2 D19 D10
T2 D20 D9
T2 D25 D4
T2 D4 D25
T2 D9 D20
T2 S18 D20
T2 S20 D19
T2 S8 D25
T20 D1 D1
T20 S2 D1
T3 S15 D20
T3 S17 D19
T3 S19 D18
T3 S25 D15
T3 S5 D25
T4 D1 D25
T4 D10 D16
T4 D11 D15
T4 D12 D14
T4 D13 D13
T4 D14 D12
T4 D15 D11
T4 D16 D10
T4 D17 D9
T4 D18 D8
T4 D19 D7
T4 D20 D6
T4 D25 D1
T4 D6 D20
T4 D7 D19
T4 D8 D18
T4 D9 D17
T4 S12 D20
T4 S14 D19
T4 S16 D18
T4 S18 D17
T4 S2 D25
T4 S20 D16
T4 T4 D20
T5 S11 D19
T5 S13 D18
T5 S15 D17
T5 S17 D16
T5 S19 D15
T5 S25 D12
T5 S9 D20
T5 T3 D20
T5 T5 D17
T6 D10 D13
T6 D11 D12
T6 D12 D11
T6 D13 D10
T6 D14 D9
T6 D15 D8
T6 D16 D7
T6 D17 D6
T6 D18 D5
T6 D19 D4
T6 D20 D3
T6 D3 D20
T6 D4 D19
T6 D5 D18
T6 D6 D17
T6 D7 D16
T6 D8 D15
T6 D9 D14
T6 S10 D18
T6 S12 D17
T6 S14 D16
T6 S16 D15
T6 S18 D14
T6 S20 D13
T6 S6 D20
T6 S8 D19
T6 T2 D20
T6 T4 D17
T6 T6 D14
T7 S11 D16
T7 S13 D15
T7 S15 D14
T7 S17 D13
T7 S19 D12
T7 S25 D9
T7 S3 D20
T7 S5 D19
T7 S7 D18
T7 S9 D17
T7 T1 D20
T7 T3 D17
T7 T5 D14
T7 T7 D11
T8 D1 D19
T8 D10 D10
T8 D11 D9
T8 D12 D8
T8 D13 D7
T8 D14 D6
T8 D15 D5
T8 D16 D4
T8 D17 D3
T8 D18 D2
T8 D19 D1
T8 D2 D18
T8 D3 D17
T8 D4 D16
T8 D5 D15
T8 D6 D14
T8 D7 D13
T8 D8 D12
T8 D9 D11
T8 S10 D15
T8 S12 D14
T8 S14 D13
T8 S16 D12
T8 S18 D11
T8 S2 D19
T8 S20 D10
T8 S4 D18
T8 S6 D17
T8 S8 D16
T8 T2 D17
T8 T4 D14
T8 T6 D11
T8 T8 D8
T9 S1 D18
T9 S11 D13
T9 S13 D12
T9 S15 D11
T9 S17 D10
T9 S19 D9
T9 S25 D6
T9 S3 D17
T9 S5 D16
T9 S7 D15
T9 S9 D14
T9 T1 D17
T9 T3 D14
T9 T5 D11
T9 T7 D8
T9 T9 D5